{"synthetic": false,
 "schemaVersion": "2025-09-10",
 "outputs":
 {"o": ["1d5c47c311301a53.olean"],
  "m": false,
  "i": "f2a9ca665e4e36e9.ilean",
  "c": "6dc5a734572557fa.c"},
 "log":
 [{"message":
   ".> LEAN_PATH=/home/landry/aes_lean/.lake/build/lib/lean /home/landry/.elan/toolchains/leanprover--lean4---v4.32.0-rc1/bin/lean /home/landry/aes_lean/AES/Cipher.lean -o /home/landry/aes_lean/.lake/build/lib/lean/AES/Cipher.olean -i /home/landry/aes_lean/.lake/build/lib/lean/AES/Cipher.ilean -c /home/landry/aes_lean/.lake/build/ir/AES/Cipher.c --setup /home/landry/aes_lean/.lake/build/ir/AES/Cipher.setup.json --json",
   "level": "trace"}],
 "inputs":
 [["AES.Cipher:deps",
   [["deps",
     [["aes_lean/AES:extraDep", [["@aes_lean:extraDep", "00000000000006bb"]]],
      ["imports",
       [["AES.Types transitive imports (legacy)", "00000000000006bb"],
        ["AES.Types:importAllArts", "cfa77faf828fed7a"],
        ["AES.Transforms transitive imports (legacy)", "2a6d3230d5655c31"],
        ["AES.Transforms:importAllArts", "cb601e830ec98cb8"],
        ["AES.KeyExpansion transitive imports (legacy)", "2a6d3230d5655c31"],
        ["AES.KeyExpansion:importAllArts", "420ed12876ffb30d"]]]]],
    ["libs",
     [["import dynlibs", "00000000000006bb"],
      ["package external libraries", "00000000000006bb"],
      ["module dynlibs", "00000000000006bb"],
      ["module plugins", "00000000000006bb"]]]]],
  ["Lean 4.32.0, commit b4812ae53eea93439ad5dce5a5c26591c31cb697",
   "9f30fb205c97627b"],
  ["/home/landry/aes_lean/AES/Cipher.lean", "df09b1d3b86a91c5"],
  ["options", [["-DautoImplicit=false", "4a85acb881fd49d0"]]],
  ["isModule: false", "feefd2a0d3a1847e"],
  ["Module.name: AES.Cipher", "bdd020e7eece0a7a"],
  ["Package.id?: (some aes_lean)", "ce6142766c141aac"],
  ["Module.leanArgs: #[]", "00000000000006bb"]],
 "depHash": "af60e8bae7e49907"}