{"synthetic": false,
 "schemaVersion": "2025-09-10",
 "outputs":
 {"o": ["da2f0d7a179709df.olean"],
  "m": false,
  "i": "6f60e38f19cbb1f8.ilean",
  "c": "833d99069d5012aa.c"},
 "log":
 [{"message":
   ".> LEAN_PATH=/home/landry/aes_lean/.lake/build/lib/lean /home/landry/.elan/toolchains/leanprover--lean4---v4.32.0-rc1/bin/lean /home/landry/aes_lean/AES/KeyExpansion.lean -o /home/landry/aes_lean/.lake/build/lib/lean/AES/KeyExpansion.olean -i /home/landry/aes_lean/.lake/build/lib/lean/AES/KeyExpansion.ilean -c /home/landry/aes_lean/.lake/build/ir/AES/KeyExpansion.c --setup /home/landry/aes_lean/.lake/build/ir/AES/KeyExpansion.setup.json --json",
   "level": "trace"}],
 "inputs":
 [["AES.KeyExpansion:deps",
   [["deps",
     [["aes_lean/AES:extraDep", [["@aes_lean:extraDep", "00000000000006bb"]]],
      ["imports",
       [["AES.Types transitive imports (legacy)", "00000000000006bb"],
        ["AES.Types:importAllArts", "cfa77faf828fed7a"],
        ["AES.SBox transitive imports (legacy)", "126292a3cc520d8c"],
        ["AES.SBox:importAllArts", "9a9ffd123987e210"]]]]],
    ["libs",
     [["import dynlibs", "00000000000006bb"],
      ["package external libraries", "00000000000006bb"],
      ["module dynlibs", "00000000000006bb"],
      ["module plugins", "00000000000006bb"]]]]],
  ["Lean 4.32.0, commit b4812ae53eea93439ad5dce5a5c26591c31cb697",
   "9f30fb205c97627b"],
  ["/home/landry/aes_lean/AES/KeyExpansion.lean", "68c84f5194aa2845"],
  ["options", [["-DautoImplicit=false", "4a85acb881fd49d0"]]],
  ["isModule: false", "feefd2a0d3a1847e"],
  ["Module.name: AES.KeyExpansion", "b8f15be2486c7aab"],
  ["Package.id?: (some aes_lean)", "ce6142766c141aac"],
  ["Module.leanArgs: #[]", "00000000000006bb"]],
 "depHash": "947bd2181f363e52"}