{"synthetic": false,
 "schemaVersion": "2025-09-10",
 "outputs":
 {"o": ["a5b56b1ac9c7f7a9.olean"],
  "m": false,
  "i": "a701331a3a5693f3.ilean",
  "c": "6eab1159f0106242.c"},
 "log":
 [{"message":
   ".> LEAN_PATH=/home/landry/aes_lean/.lake/build/lib/lean /home/landry/.elan/toolchains/leanprover--lean4---v4.32.0-rc1/bin/lean /home/landry/aes_lean/AES/SBox.lean -o /home/landry/aes_lean/.lake/build/lib/lean/AES/SBox.olean -i /home/landry/aes_lean/.lake/build/lib/lean/AES/SBox.ilean -c /home/landry/aes_lean/.lake/build/ir/AES/SBox.c --setup /home/landry/aes_lean/.lake/build/ir/AES/SBox.setup.json --json",
   "level": "trace"}],
 "inputs":
 [["AES.SBox:deps",
   [["deps",
     [["aes_lean/AES:extraDep", [["@aes_lean:extraDep", "00000000000006bb"]]],
      ["imports",
       [["AES.Types transitive imports (legacy)", "00000000000006bb"],
        ["AES.Types:importAllArts", "cfa77faf828fed7a"]]]]],
    ["libs",
     [["import dynlibs", "00000000000006bb"],
      ["package external libraries", "00000000000006bb"],
      ["module dynlibs", "00000000000006bb"],
      ["module plugins", "00000000000006bb"]]]]],
  ["Lean 4.32.0, commit b4812ae53eea93439ad5dce5a5c26591c31cb697",
   "9f30fb205c97627b"],
  ["/home/landry/aes_lean/AES/SBox.lean", "82be90d77dbe3a7f"],
  ["options", [["-DautoImplicit=false", "4a85acb881fd49d0"]]],
  ["isModule: false", "feefd2a0d3a1847e"],
  ["Module.name: AES.SBox", "28e18b14ad0ebcee"],
  ["Package.id?: (some aes_lean)", "ce6142766c141aac"],
  ["Module.leanArgs: #[]", "00000000000006bb"]],
 "depHash": "71472f108dc64d3b"}