{"synthetic": false,
 "schemaVersion": "2025-09-10",
 "outputs":
 {"o": ["53685f459d7e1e4e.olean"],
  "m": false,
  "i": "55ab3cce9e070636.ilean",
  "c": "1659921acdfe3160.c"},
 "log":
 [{"message":
   ".> LEAN_PATH=/home/landry/aes_lean/.lake/build/lib/lean /home/landry/.elan/toolchains/leanprover--lean4---v4.30.0-rc2/bin/lean /home/landry/aes_lean/AES/TransformationsProofs.lean -o /home/landry/aes_lean/.lake/build/lib/lean/AES/TransformationsProofs.olean -i /home/landry/aes_lean/.lake/build/lib/lean/AES/TransformationsProofs.ilean -c /home/landry/aes_lean/.lake/build/ir/AES/TransformationsProofs.c --setup /home/landry/aes_lean/.lake/build/ir/AES/TransformationsProofs.setup.json --json",
   "level": "trace"},
  {"message": "AES/TransformationsProofs.lean:196:8: declaration uses `sorry`",
   "level": "warning"},
  {"message": "AES/TransformationsProofs.lean:210:8: declaration uses `sorry`",
   "level": "warning"},
  {"message": "AES/TransformationsProofs.lean:229:8: declaration uses `sorry`",
   "level": "warning"},
  {"message": "AES/TransformationsProofs.lean:258:8: declaration uses `sorry`",
   "level": "warning"}],
 "inputs":
 [["AES.TransformationsProofs:deps",
   [["deps",
     [["aes_lean/AESProofs:extraDep",
       [["@aes_lean:extraDep", "00000000000006bb"]]],
      ["imports",
       [["AES.Types transitive imports (legacy)", "00000000000006bb"],
        ["AES.Types:importAllArts", "2db01078995f94e0"],
        ["AES.SBox transitive imports (legacy)", "3b7e3686fca57e73"],
        ["AES.SBox:importAllArts", "cea8e739b97add27"],
        ["AES.Transforms transitive imports (legacy)", "1b7edef1aab8f302"],
        ["AES.Transforms:importAllArts", "e563c0d489732896"]]]]],
    ["libs",
     [["import dynlibs", "00000000000006bb"],
      ["package external libraries", "00000000000006bb"],
      ["module dynlibs", "00000000000006bb"],
      ["module plugins", "00000000000006bb"]]]]],
  ["Lean 4.30.0, commit 3dc1a088b6d2d8eafe25a7cd7ec7b58d731bd7cc",
   "2c8d2623007dfc36"],
  ["/home/landry/aes_lean/AES/TransformationsProofs.lean", "036c3b0c3254b1fe"],
  ["options", [["-DautoImplicit=false", "4a85acb881fd49d0"]]],
  ["isModule: false", "feefd2a0d3a1847e"],
  ["Module.name: AES.TransformationsProofs", "e37cb70571de499c"],
  ["Package.id?: (some aes_lean)", "ce6142766c141aac"],
  ["Module.leanArgs: #[]", "00000000000006bb"]],
 "depHash": "36f813d215e668e4"}