{"synthetic": false,
 "schemaVersion": "2025-09-10",
 "outputs":
 {"o": ["508e191df632f7ac.olean"],
  "m": false,
  "i": "95e97322b95053cc.ilean",
  "c": "409f296c25dd33eb.c"},
 "log":
 [{"message":
   ".> LEAN_PATH=/home/landry/aes_lean/.lake/build/lib/lean /home/landry/.elan/toolchains/leanprover--lean4---v4.32.0-rc1/bin/lean /home/landry/aes_lean/AES/Types.lean -o /home/landry/aes_lean/.lake/build/lib/lean/AES/Types.olean -i /home/landry/aes_lean/.lake/build/lib/lean/AES/Types.ilean -c /home/landry/aes_lean/.lake/build/ir/AES/Types.c --setup /home/landry/aes_lean/.lake/build/ir/AES/Types.setup.json --json",
   "level": "trace"}],
 "inputs":
 [["AES.Types:deps",
   [["deps",
     [["aes_lean/AES:extraDep", [["@aes_lean:extraDep", "00000000000006bb"]]],
      ["imports", "00000000000006bb"]]],
    ["libs",
     [["import dynlibs", "00000000000006bb"],
      ["package external libraries", "00000000000006bb"],
      ["module dynlibs", "00000000000006bb"],
      ["module plugins", "00000000000006bb"]]]]],
  ["Lean 4.32.0, commit b4812ae53eea93439ad5dce5a5c26591c31cb697",
   "9f30fb205c97627b"],
  ["/home/landry/aes_lean/AES/Types.lean", "311db804a902475b"],
  ["options", [["-DautoImplicit=false", "4a85acb881fd49d0"]]],
  ["isModule: false", "feefd2a0d3a1847e"],
  ["Module.name: AES.Types", "a8b05ff88387a204"],
  ["Package.id?: (some aes_lean)", "ce6142766c141aac"],
  ["Module.leanArgs: #[]", "00000000000006bb"]],
 "depHash": "269fc0b6a926c6bb"}