{"synthetic": false,
 "schemaVersion": "2025-09-10",
 "outputs":
 {"o": ["7f4069be3f803d91.olean"],
  "m": false,
  "i": "49f68c7b6c71629b.ilean",
  "c": "9392f6e2ee39c2f7.c"},
 "log":
 [{"message":
   ".> LEAN_PATH=/home/landry/aes_lean/.lake/build/lib/lean /home/landry/.elan/toolchains/leanprover--lean4---v4.32.0-rc1/bin/lean /home/landry/aes_lean/Main.lean -o /home/landry/aes_lean/.lake/build/lib/lean/Main.olean -i /home/landry/aes_lean/.lake/build/lib/lean/Main.ilean -c /home/landry/aes_lean/.lake/build/ir/Main.c --setup /home/landry/aes_lean/.lake/build/ir/Main.setup.json --json",
   "level": "trace"}],
 "inputs":
 [["Main:deps",
   [["deps",
     [["aes_lean/aes_main:extraDep",
       [["@aes_lean:extraDep", "00000000000006bb"]]],
      ["imports",
       [["AES.Cipher transitive imports (legacy)", "76263bf014336ebf"],
        ["AES.Cipher:importAllArts", "35a0fd139e6a6964"]]]]],
    ["libs",
     [["import dynlibs", "00000000000006bb"],
      ["package external libraries", "00000000000006bb"],
      ["module dynlibs", "00000000000006bb"],
      ["module plugins", "00000000000006bb"]]]]],
  ["Lean 4.32.0, commit b4812ae53eea93439ad5dce5a5c26591c31cb697",
   "9f30fb205c97627b"],
  ["/home/landry/aes_lean/Main.lean", "84da3d859db79932"],
  ["options", [["-DautoImplicit=false", "4a85acb881fd49d0"]]],
  ["isModule: false", "feefd2a0d3a1847e"],
  ["Module.name: Main", "f2a1fd945cf30c62"],
  ["Package.id?: (some aes_lean)", "ce6142766c141aac"],
  ["Module.leanArgs: #[]", "00000000000006bb"]],
 "depHash": "74018661ac3df62a"}