{"synthetic": false,
 "schemaVersion": "2025-09-10",
 "outputs": "38a74c5d435e084f",
 "log":
 [{"message":
   ".> /home/landry/.elan/toolchains/leanprover--lean4---v4.32.0-rc1/bin/clang -o /home/landry/aes_lean/.lake/build/bin/aes_main @/home/landry/aes_lean/.lake/build/bin/aes_main.rsp",
   "level": "trace"}],
 "inputs":
 [["linkObjs",
   [["/home/landry/aes_lean/.lake/build/ir/Main.c.o.export",
     "a3e05433b53cd31a"],
    ["/home/landry/aes_lean/.lake/build/ir/AES/Types.c.o.export",
     "6f3a60f993b00a53"],
    ["/home/landry/aes_lean/.lake/build/ir/AES/SBox.c.o.export",
     "f97d099a9c34fb3f"],
    ["/home/landry/aes_lean/.lake/build/ir/AES/Transforms.c.o.export",
     "67fbac97585dc4cc"],
    ["/home/landry/aes_lean/.lake/build/ir/AES/KeyExpansion.c.o.export",
     "e7232b6b666b1936"],
    ["/home/landry/aes_lean/.lake/build/ir/AES/Cipher.c.o.export",
     "b05e31f00fde9bea"]]],
  ["linkLibs", "00000000000006bb"],
  ["Lean 4.32.0, commit b4812ae53eea93439ad5dce5a5c26591c31cb697",
   "9f30fb205c97627b"],
  ["traceArgs: #[]", "00000000000006bb"],
  ["x86_64-unknown-linux-gnu", "53a0e8937c307c28"]],
 "depHash": "64ff92be7d153cbd"}